> {"jsonrpc":"2.0","id":1,"method":"flashbots_getBundleStatsV2","params":[{"bundleHash":"0x2228f5d8954ce31dc1601a8ba264dbd401bf1428388ce88238932815c5d6f23f","blockNumber":"0x3b9ac9ff"}]}
< {"jsonrpc":"2.0","id":1,"result":{"isHighPriority":true,"isSimulated":true,"simulatedAt":"2022-10-06T21:36:06.317Z","receivedAt":"2022-10-06T21:36:06.250Z","consideredByBuildersAt":[{"pubkey":"0x81babeec8c9f2bb9c329fd8a3b176032fe0ab5f3b92a3f44d4575a231c7bd9c31d10b6328ef68ed1e8c02a3dbc8e80f9","timestamp":"2022-10-06T21:36:06.343Z"},{"pubkey":"0x81beef03aafd3dd33ffd7deb337407142c80fea2690e5b3190cfc01bde5753f28982a7857c96172a75a234cb7bcb994f","timestamp":"2022-10-06T21:36:06.394Z"},{"pubkey":"0xa1dead1e65f0a0eee7b5170223f20c8f0cbf122eac3324d61afbdb33a8885ff8cab2ef514ac2c7698ae0d6289ef27fc","timestamp":"2022-10-06T21:36:06.322Z"}],"sealedByBuildersAt":[{"pubkey":"0x81beef03aafd3dd33ffd7deb337407142c80fea2690e5b3190cfc01bde5753f28982a7857c96172a75a234cb7bcb994f","timestamp":"2022-10-06T21:36:07.742Z"}]}}
